Trenul trece prin statiile: 
2 - 3(8km)
5 - 6(11km)
7 - 8(10km)
8 - 9(7km)
9 - 10(3km)
